............
----------------------------------------------------------------------
Ran 12 tests in 0.025s

OK
[!] Themis Warning: Rule file 'non_existent_file.yaml' not found. Running without external laws.
[*] Themis Loaded: 1 Noise, 0 Threat, 0 Targets.
[*] Themis Loaded: 1 Noise, 0 Threat, 0 Targets.
[*] Themis Loaded: 0 Noise, 2 Threat, 0 Targets.
[!] Themis Warning: Rule file 'C:\Users\user\AppData\Local\Temp\tmpkl85yh6b\test_rules.yaml' not found. Running without external laws.
[!] Themis Warning: Rule file 'C:\Users\user\AppData\Local\Temp\tmp0x8jrgqc\test_rules.yaml' not found. Running without external laws.
[*] Themis Insight: High Noise Ratio detected (100.0x). Analyzing noise candidates...
